{"cabal-version":">=1.10","name":"compareSizes","version":"0.1.0.0","license":"BSD3","license-file":"LICENSE","stability":"experimental","synopsis":"Size comparison utility.","description":"A small utility for comparing the sizes of files used by\nthe GHC build system.","category":"Development","build-type":"Simple","executables":{"compareSizes":{"build-depends":[{"package":"base","version":">=4 && <5","libs":["base"]},{"package":"directory","version":">=0","libs":["directory"]},{"package":"filepath","version":">=0","libs":["filepath"]}],"default-language":["Haskell2010"],"main-is":["Main.hs"]}}}