{"cabal-version":">=1.10","name":"count-deps","version":"0.1","license":"BSD3","license-file":[""],"copyright":"XXX","maintainer":"XXX","author":"XXX","synopsis":"A utilities for analyzing module dependencies","description":"This utility is used inspect the dependencies of a module\n@utils/count-deps/README@ in GHC's source distribution for\ndetails.","category":"Development","build-type":"Simple","components":{"exe:count-deps":{"main-is":"Main.hs","default-language":"Haskell2010","ghc-options":["-Wall"],"build-depends":[{"package":"base","version":">=4 && <5","libs":["base"]},{"package":"containers","version":">=0","libs":["containers"]},{"package":"ghc","version":">=0","libs":["ghc"]}]}}}