{"cabal-version":"2.2","name":"directory","version":"1.3.9.0","license":"BSD-3-Clause","license-file":["LICENSE"],"license-files":["LICENSE"],"maintainer":"libraries@haskell.org","tested-with":[["ghc","==8.6.5 || ==8.10.7 || ==9.0.2 || ==9.2.4 || ==9.4.3"]],"bug-reports":"https://github.com/haskell/directory/issues","synopsis":"Platform-agnostic library for filesystem operations","description":"This library provides a basic set of operations for manipulating files and\ndirectories in a portable way.","category":"System","build-type":"Configure","extra-source-files":["HsDirectoryConfig.h.in","System/Directory/Internal/*.h","configure","configure.ac","tests/*.hs","tests/util.inl"],"extra-tmp-files":["autom4te.cache","config.log","config.status","HsDirectoryConfig.h"],"extra-doc-files":["README.md","changelog.md"],"source-repositories":{"head":{"type":"git","location":"https://github.com/haskell/directory"}},"flags":{"os-string":{"description":"Use the new os-string package","default":false}},"components":{"lib":{"exposed-modules":["System.Directory","System.Directory.OsPath","System.Directory.Internal","System.Directory.Internal.Prelude"],"other-modules":["System.Directory.Internal.C_utimensat","System.Directory.Internal.Common","System.Directory.Internal.Config","System.Directory.Internal.Posix","System.Directory.Internal.Windows"],"default-language":"Haskell2010","other-extensions":["CApiFFI","CPP"],"include-dirs":["."],"ghc-options":["-Wall"],"build-depends":[{"package":"base","version":">=4.12.0 && <4.21","libs":["base"]},{"package":"file-io","version":">=0.1.2 && <0.2","libs":["file-io"]},{"package":"time","version":">=1.8.0 && <1.15","libs":["time"]},{"package":"filepath","version":">=1.5.0.0","libs":["filepath"]},{"package":"os-string","version":">=2.0.0","libs":["os-string"]},{"_if":{"os":"windows"},"_then":[{"package":"Win32","version":">=2.13.3 && <2.15","libs":["Win32"]}]},{"_if":{"not":{"os":"windows"}},"_then":[{"package":"unix","version":">=2.8.0 && <2.9","libs":["unix"]}]}]},"test:test":{"type":"exitcode-stdio-1.0","main-is":"Main.hs","hs-source-dirs":["tests"],"other-modules":["TestUtils","Util","CanonicalizePath","CopyFile001","CopyFile002","CopyFileWithMetadata","CreateDirectory001","CreateDirectoryIfMissing001","CurrentDirectory001","Directory001","DoesDirectoryExist001","DoesPathExist","FileTime","FindFile001","GetDirContents001","GetDirContents002","GetFileSize","GetHomeDirectory001","GetHomeDirectory002","GetPermissions001","LongPaths","MakeAbsolute","MinimizeNameConflicts","PathIsSymbolicLink","RemoveDirectoryRecursive001","RemovePathForcibly","RenameDirectory","RenameFile001","RenamePath","Simplify","T8482","WithCurrentDirectory","Xdg"],"default-language":"Haskell2010","default-extensions":["OverloadedStrings"],"other-extensions":["BangPatterns","CPP"],"ghc-options":["-Wall"],"build-depends":[{"package":"base","version":">=0","libs":["base"]},{"package":"directory","version":">=0","libs":["directory"]},{"package":"filepath","version":">=0","libs":["filepath"]},{"package":"time","version":">=0","libs":["time"]},{"_if":{"os":"windows"},"_then":[{"package":"Win32","version":">=0","libs":["Win32"]}]},{"_if":{"not":{"os":"windows"}},"_then":[{"package":"unix","version":">=0","libs":["unix"]}]}]}}}