{"cabal-version":"2.4","name":"dump-decls","version":"0.1.0.0","license":"BSD-3-Clause","license-file":[""],"copyright":"(c) 2023 Ben Gamari","maintainer":"ben@smart-cactus.org","author":"Ben Gamari","synopsis":"Dump the declarations of a package.","components":{"exe:dump-decls":{"main-is":"Main.hs","default-language":"Haskell2010","build-depends":[{"package":"base","version":">=0","libs":["base"]},{"package":"ghc","version":">=0","libs":["ghc"]}]}}}