{"cabal-version":"2.4","name":"file-io","version":"0.1.2","license":"BSD-3-Clause","license-file":[""],"copyright":"Julian Ospald 2022","maintainer":"hasufell@posteo.de","author":"Julian Ospald","tested-with":[["ghc","==9.8.1"],["ghc","==9.4.8"],["ghc","==9.2.8"],["ghc","==9.0.2"],["ghc","==8.10.7"],["ghc","==8.8.4"],["ghc","==8.6.5"]],"homepage":"https://github.com/hasufell/file-io","bug-reports":"https://github.com/hasufell/file-io/issues","synopsis":"Basic file IO operations via 'OsPath'","description":"Basic file IO operations like Prelude, but for 'OsPath'.","category":"System","extra-source-files":["CHANGELOG.md"],"source-repositories":{"head":{"type":"git","location":"https://github.com/hasufell/file-io.git"}},"flags":{"os-string":{"description":"Use the new os-string package","default":false}},"components":{"lib":{"exposed-modules":["System.File.OsPath","System.File.OsPath.Internal","System.File.PlatformPath","System.File.PlatformPath.Internal"],"hs-source-dirs":[".",{"_if":{"os":"windows"},"_then":["windows"]},{"_if":{"not":{"os":"windows"}},"_then":["posix"]}],"other-modules":["System.File.Platform"],"default-language":"Haskell2010","ghc-options":["-Wall"],"build-depends":[{"package":"base","version":">=4.12 && <5","libs":["base"]},{"package":"bytestring","version":">=0.11.3.0","libs":["bytestring"]},{"package":"deepseq","version":">=0","libs":["deepseq"]},{"package":"filepath","version":">=1.5.0.0","libs":["filepath"]},{"package":"os-string","version":">=2.0.0","libs":["os-string"]},{"_if":{"os":"windows"},"_then":[{"package":"Win32","version":">=2.13.3.0","libs":["Win32"]}]},{"_if":{"not":{"os":"windows"}},"_then":[{"package":"unix","version":">=2.8.0.0","libs":["unix"]}]}]},"test:T15":{"type":"exitcode-stdio-1.0","main-is":"T15.hs","hs-source-dirs":["tests"],"default-language":"Haskell2010","ghc-options":["-Wall","-threaded","-rtsopts","-with-rtsopts=-N10"],"build-depends":[{"package":"base","version":">=0","libs":["base"]},{"package":"tasty","version":">=0","libs":["tasty"]},{"package":"tasty-hunit","version":">=0","libs":["tasty-hunit"]},{"package":"file-io","version":">=0","libs":["file-io"]},{"package":"filepath","version":">=0","libs":["filepath"]},{"package":"temporary","version":">=0","libs":["temporary"]},{"_if":{"os":"windows"},"_then":[{"package":"Win32","version":">=2.13.3.0","libs":["Win32"]}]}]},"test:T15Win":{"type":"exitcode-stdio-1.0","main-is":"T15Win.hs","hs-source-dirs":["tests"],"default-language":"Haskell2010","ghc-options":["-Wall","-threaded","-rtsopts","-with-rtsopts=-N10"],"build-depends":[{"_if":{"os":"windows"},"_then":[{"package":"base","version":">=0","libs":["base"]},{"package":"tasty","version":">=0","libs":["tasty"]},{"package":"tasty-hunit","version":">=0","libs":["tasty-hunit"]},{"package":"file-io","version":">=0","libs":["file-io"]},{"package":"filepath","version":">=0","libs":["filepath"]},{"package":"temporary","version":">=0","libs":["temporary"]},{"package":"Win32","version":">=2.13.3.0","libs":["Win32"]}]},{"_if":{"not":{"os":"windows"}},"_then":[{"package":"base","version":">=0","libs":["base"]}]}]},"test:T14":{"type":"exitcode-stdio-1.0","main-is":"T14.hs","hs-source-dirs":["tests"],"default-language":"Haskell2010","ghc-options":["-Wall"],"build-depends":[{"package":"base","version":">=0","libs":["base"]},{"package":"file-io","version":">=0","libs":["file-io"]},{"package":"filepath","version":">=0","libs":["filepath"]},{"package":"temporary","version":">=0","libs":["temporary"]}]},"test:T8":{"type":"exitcode-stdio-1.0","main-is":"T8.hs","hs-source-dirs":["tests"],"default-language":"Haskell2010","ghc-options":["-Wall","-threaded"],"build-depends":[{"package":"base","version":">=0","libs":["base"]},{"package":"bytestring","version":">=0","libs":["bytestring"]},{"package":"file-io","version":">=0","libs":["file-io"]},{"package":"filepath","version":">=0","libs":["filepath"]},{"package":"temporary","version":">=0","libs":["temporary"]}]},"test:CLC237":{"type":"exitcode-stdio-1.0","main-is":"CLC237.hs","hs-source-dirs":["tests"],"default-language":"Haskell2010","ghc-options":["-Wall"],"build-depends":[{"package":"base","version":">=0","libs":["base"]},{"package":"file-io","version":">=0","libs":["file-io"]},{"package":"filepath","version":">=0","libs":["filepath"]},{"package":"temporary","version":">=0","libs":["temporary"]}]},"test:Properties":{"type":"exitcode-stdio-1.0","main-is":"Properties.hs","hs-source-dirs":["tests"],"default-language":"Haskell2010","ghc-options":["-Wall","-threaded","-rtsopts","-with-rtsopts=-N10"],"build-depends":[{"package":"base","version":">=0","libs":["base"]},{"package":"bytestring","version":">=0","libs":["bytestring"]},{"package":"tasty","version":">=0","libs":["tasty"]},{"package":"tasty-hunit","version":">=0","libs":["tasty-hunit"]},{"package":"file-io","version":">=0","libs":["file-io"]},{"package":"filepath","version":">=0","libs":["filepath"]},{"package":"temporary","version":">=0","libs":["temporary"]}]}}}