{"cabal-version":"2.0","name":"genprimopcode","version":"0.1","license":"BSD3","license-file":"","copyright":"XXX","maintainer":"XXX","author":"XXX","synopsis":"Generates various files implementing GHC's primitive operations.","description":"This utility reads a textual description of GHC's primitive operations\n(@primops.txt.pp@) and produces a number of outputs. These include,\n\n* the @GHC.Prim@ module included in the @ghc-prim@ package.\n* the @GHC.PrimopWrappers@ module included in the @ghc-prim@ package.\n* an LaTeX document describing the primitive operations.","category":"Development","build-type":"Simple","flags":{"build-tool-depends":{"description":"Use build-tool-depends"}},"executables":{"genprimopcode":{"build-depends":[{"package":"base","version":">=4 && <5","libs":["base"]},{"package":"array","version":">=0","libs":["array"]}],"build-tool-depends":[{"_if":{"flag":"build-tool-depends"},"_then":{"package":"alex","version":">=3.2.6","exe":"alex"}},{"_if":{"flag":"build-tool-depends"},"_then":{"package":"happy","version":">=1.20.0","exe":"happy"}}],"default-language":["Haskell2010"],"main-is":["Main.hs"],"other-modules":["Lexer","Parser","ParserM","Syntax","AccessOps"]}}}