{"cabal-version":"3.0","name":"ghc-boot","version":"9.11","license":"BSD-3-Clause","license-file":["LICENSE"],"license-files":["LICENSE"],"maintainer":"ghc-devs@haskell.org","bug-reports":"https://gitlab.haskell.org/ghc/ghc/issues/new","synopsis":"Shared functionality between GHC and its boot libraries","description":"This library is shared between GHC, ghc-pkg, and other boot\nlibraries.\n.\nA note about \"GHC.Unit.Database\": it only deals with the subset of\nthe package database that the compiler cares about: modules\npaths etc and not package metadata like description, authors\netc. It is thus not a library interface to ghc-pkg and is *not*\nsuitable for modifying GHC package databases.\n.\nThe package database format and this library are constructed in\nsuch a way that while ghc-pkg depends on Cabal, the GHC library\nand program do not have to depend on Cabal.","category":"GHC","build-type":"Custom","extra-source-files":["changelog.md"],"custom-setup":{"setup-depends":[{"package":"base","version":">=3 && <5","libs":["base"]},{"package":"Cabal","version":">=1.6 && <3.14","libs":["Cabal"]},{"package":"directory","version":">=0","libs":["directory"]},{"package":"filepath","version":">=0","libs":["filepath"]}]},"source-repositories":{"head":{"type":"git","location":"https://gitlab.haskell.org/ghc/ghc.git","subdir":"libraries/ghc-boot"}},"components":{"lib":{"exposed-modules":["GHC.BaseDir","GHC.Data.ShortText","GHC.Data.SizedSeq","GHC.Utils.Encoding","GHC.Utils.Encoding.UTF8","GHC.LanguageExtensions","GHC.Unit.Database","GHC.Serialized","GHC.ForeignSrcLang","GHC.HandleEncoding","GHC.Platform.Host","GHC.Settings.Utils","GHC.UniqueSubdir","GHC.Version"],"reexported-modules":["GHC.Platform.ArchOS","GHC.LanguageExtensions.Type","GHC.ForeignSrcLang.Type","GHC.Lexeme"],"autogen-modules":["GHC.Version","GHC.Platform.Host"],"default-language":"Haskell2010","default-extensions":["NoImplicitPrelude"],"other-extensions":["DeriveGeneric","RankNTypes","ScopedTypeVariables"],"build-depends":[{"package":"base","version":">=4.7 && <4.21","libs":["base"]},{"package":"binary","version":">=0.8 && <0.9","libs":["binary"]},{"package":"bytestring","version":">=0.10 && <0.13","libs":["bytestring"]},{"package":"containers","version":">=0.5 && <0.8","libs":["containers"]},{"package":"directory","version":">=1.2 && <1.4","libs":["directory"]},{"package":"filepath","version":">=1.3 && <1.6","libs":["filepath"]},{"package":"deepseq","version":">=1.4 && <1.6","libs":["deepseq"]},{"package":"ghc-platform","version":">=0.1","libs":["ghc-platform"]},{"_if":{"flag":"bootstrap"},"_then":[{"package":"ghc-boot-th-next","version":"==9.11","libs":["ghc-boot-th-next"]}]},{"_if":{"not":{"flag":"bootstrap"}},"_then":[{"package":"ghc-boot-th","version":"==9.11","libs":["ghc-boot-th"]}]},{"_if":{"not":{"os":"windows"}},"_then":[{"package":"unix","version":">=2.7 && <2.9","libs":["unix"]}]}]}}}