{"cabal-version":"2.4","name":"ghc-config","version":"0.1.0.0","license-file":[""],"maintainer":"ghc-devs@haskell.org","author":"The GHC Developers","synopsis":"A utility used by GHC's testsuite driver to extract information from @ghc --info@.","components":{"exe:ghc-config":{"main-is":"ghc-config.hs","default-language":"Haskell2010","build-depends":[{"package":"base","version":">=0","libs":["base"]},{"package":"process","version":">=0","libs":["process"]}]}}}