{"cabal-version":"2.4","name":"ghc-toolchain","version":"0.1.0.0","license-file":[""],"copyright":"(c) The GHC Developers","maintainer":"ben@well-typed.com","author":"Ben Gamari","bug-reports":"https://gitlab.haskell.org/ghc/ghc/-/issues","synopsis":"Utility for managing GHC target toolchains","components":{"lib":{"exposed-modules":["GHC.Toolchain","GHC.Toolchain.Lens","GHC.Toolchain.Monad","GHC.Toolchain.PlatformDetails","GHC.Toolchain.Prelude","GHC.Toolchain.Program","GHC.Toolchain.ParseTriple","GHC.Toolchain.NormaliseTriple","GHC.Toolchain.CheckArm","GHC.Toolchain.Target","GHC.Toolchain.Tools.Ar","GHC.Toolchain.Tools.Cc","GHC.Toolchain.Tools.Cxx","GHC.Toolchain.Tools.Cpp","GHC.Toolchain.Tools.Link","GHC.Toolchain.Tools.Nm","GHC.Toolchain.Tools.Ranlib","GHC.Toolchain.Tools.Readelf","GHC.Toolchain.Tools.MergeObjs","GHC.Toolchain.Utils"],"hs-source-dirs":["src"],"default-language":"Haskell2010","default-extensions":["NoImplicitPrelude"],"ghc-options":["-Wall"],"build-depends":[{"package":"base","version":">=0","libs":["base"]},{"package":"directory","version":">=0","libs":["directory"]},{"package":"filepath","version":">=0","libs":["filepath"]},{"package":"process","version":">=0","libs":["process"]},{"package":"transformers","version":">=0","libs":["transformers"]},{"package":"text","version":">=0","libs":["text"]},{"package":"ghc-platform","version":">=0","libs":["ghc-platform"]}]}}}