{"cabal-version":"2.2","name":"ghc-prim","version":"0.11.0","license":"BSD-3-Clause","license-file":"LICENSE","maintainer":"libraries@haskell.org","bug-reports":"https://gitlab.haskell.org/ghc/ghc/issues/new","synopsis":"GHC primitives","description":"This package contains the primitive types and operations supplied by GHC.\nIt is an internal package, only for the use of GHC developers.\nGHC users should not use it!  If you do use it then expect\nbreaking changes at any time without warning.  You should prefer\nto import @GHC.Exts@ from the @base@ package instead.","category":"GHC","build-type":"Custom","extra-source-files":["changelog.md"],"source-repos":[{"type":"git","location":"https://gitlab.haskell.org/ghc/ghc.git","subdir":"libraries/ghc-prim"}],"custom-setup":[["setup-depends",[{"package":"base","version":">=4 && <5","libs":["base"]},{"package":"process","version":">=0","libs":["process"]},{"package":"filepath","version":">=0","libs":["filepath"]},{"package":"directory","version":">=0","libs":["directory"]},{"package":"Cabal","version":">=1.23 && <3.9","libs":["Cabal"]}]]],"flags":{"need-atomic":{"default":false}},"library":{"build-depends":[{"package":"rts","version":">=1.0 && <1.1","libs":["rts"]}],"c-sources":[{"_if":{"not":{"os":"ghcjs"}},"_then":"cbits/atomic.c"},{"_if":{"not":{"os":"ghcjs"}},"_then":"cbits/bswap.c"},{"_if":{"not":{"os":"ghcjs"}},"_then":"cbits/bitrev.c"},{"_if":{"not":{"os":"ghcjs"}},"_then":"cbits/clz.c"},{"_if":{"not":{"os":"ghcjs"}},"_then":"cbits/ctz.c"},{"_if":{"not":{"os":"ghcjs"}},"_then":"cbits/debug.c"},{"_if":{"not":{"os":"ghcjs"}},"_then":"cbits/longlong.c"},{"_if":{"not":{"os":"ghcjs"}},"_then":"cbits/mulIntMayOflo.c"},{"_if":{"not":{"os":"ghcjs"}},"_then":"cbits/pdep.c"},{"_if":{"not":{"os":"ghcjs"}},"_then":"cbits/pext.c"},{"_if":{"not":{"os":"ghcjs"}},"_then":"cbits/popcnt.c"},{"_if":{"not":{"os":"ghcjs"}},"_then":"cbits/word2float.c"}],"default-language":["Haskell2010"],"exposed-modules":["GHC.CString","GHC.Classes","GHC.Debug","GHC.Magic","GHC.Magic.Dict","GHC.Prim.Ext","GHC.Prim.Panic","GHC.Prim.Exception","GHC.Prim.PtrEq","GHC.PrimopWrappers","GHC.Tuple","GHC.Types"],"extra-libraries":[{"_if":{"flag":"need-atomic"},"_then":"atomic"},{"_if":{"os":"linux"},"_then":"c"},{"_if":{"os":"linux"},"_then":"m"},{"_if":{"os":"windows"},"_then":"user32"},{"_if":{"os":"windows"},"_then":"mingw32"},{"_if":{"os":"windows"},"_then":"mingwex"},{"_if":{"os":"windows"},"_then":"ucrt"}],"ghc-options":["-this-unit-id","ghc-prim"],"other-extensions":["BangPatterns","CPP","DeriveGeneric","MagicHash","MultiParamTypeClasses","NoImplicitPrelude","StandaloneDeriving","Trustworthy","TypeFamilies","UnboxedTuples","UnliftedFFITypes"],"virtual-modules":["GHC.Prim"]}}