{"cabal-version":"3.0","name":"ghc-heap","version":"9.11","license":"BSD-3-Clause","license-file":"LICENSE","maintainer":"libraries@haskell.org","tested-with":[["ghc","==7.11"]],"bug-reports":"https://gitlab.haskell.org/ghc/ghc/issues/new","synopsis":"Functions for walking GHC's heap","description":"This package provides functions for walking the GHC heap data structures\nand retrieving information about those data structures.","category":"GHC","build-type":"Simple","source-repos":[{"type":"git","location":"https://gitlab.haskell.org/ghc/ghc.git","subdir":"libraries/ghc-heap"}],"library":{"build-depends":[{"_if":{"impl":"ghc","range":">=9.9"},"_then":{"package":"ghc-internal","version":">=9.900 && <9.1100.99999","libs":["ghc-internal"]}},{"package":"base","version":">=4.9.0 && <5.0","libs":["base"]},{"package":"ghc-prim","version":">0.2 && <0.12","libs":["ghc-prim"]},{"package":"rts","version":">=1.0 && <1.1","libs":["rts"]},{"package":"containers","version":">=0.6.2.1 && <0.8","libs":["containers"]}],"c-sources":["cbits/Stack_c.c"],"cmm-sources":[{"_if":{"not":{"os":"ghcjs"}},"_then":"cbits/HeapPrim.cmm"},{"_if":{"not":{"os":"ghcjs"}},"_then":"cbits/Stack.cmm"}],"default-extensions":["NoImplicitPrelude"],"default-language":["Haskell2010"],"exposed-modules":["GHC.Exts.Heap","GHC.Exts.Heap.Closures","GHC.Exts.Heap.ClosureTypes","GHC.Exts.Heap.Constants","GHC.Exts.Heap.InfoTable","GHC.Exts.Heap.InfoTable.Types","GHC.Exts.Heap.InfoTableProf","GHC.Exts.Heap.Utils","GHC.Exts.Heap.FFIClosures","GHC.Exts.Heap.FFIClosures_ProfilingDisabled","GHC.Exts.Heap.FFIClosures_ProfilingEnabled","GHC.Exts.Heap.ProfInfo.Types","GHC.Exts.Heap.ProfInfo.PeekProfInfo","GHC.Exts.Heap.ProfInfo.PeekProfInfo_ProfilingDisabled","GHC.Exts.Heap.ProfInfo.PeekProfInfo_ProfilingEnabled","GHC.Exts.Stack.Constants","GHC.Exts.Stack","GHC.Exts.Stack.Decode"],"ghc-options":["-Wall"]}}