{"cabal-version":"3.0","name":"ghc-platform","version":"0.1.0.0","license":"BSD-3-Clause","license-file":["LICENSE"],"license-files":["LICENSE"],"maintainer":"ghc-devs@haskell.org","author":"Rodrigo Mesquita","synopsis":"Platform information used by GHC and friends","build-type":"Simple","extra-doc-files":["CHANGELOG.md"],"components":{"lib":{"exposed-modules":["GHC.Platform.ArchOS"],"hs-source-dirs":["src"],"default-language":"Haskell2010","ghc-options":["-Wall"],"build-depends":[{"package":"base","version":">=4.15.0.0 && <5","libs":["base"]}]}}}