{"cabal-version":">=1.10","name":"ghci","version":"9.11","license":"BSD3","license-file":["LICENSE"],"license-files":["LICENSE"],"maintainer":"ghc-devs@haskell.org","bug-reports":"https://gitlab.haskell.org/ghc/ghc/issues/new","synopsis":"The library supporting GHC's interactive interpreter","description":"This library offers interfaces which mediate interactions between the\n@ghci@ interactive shell and @iserv@, GHC's out-of-process interpreter\nbackend.","category":"GHC","build-type":"Simple","extra-source-files":["changelog.md"],"source-repositories":{"head":{"type":"git","location":"https://gitlab.haskell.org/ghc/ghc.git","subdir":"libraries/ghci"}},"flags":{"internal-interpreter":{"description":"Build with internal interpreter support.","default":false,"manual":true}},"components":{"lib":{"exposed-modules":["GHCi.BreakArray","GHCi.BinaryArray","GHCi.Message","GHCi.ResolvedBCO","GHCi.RemoteTypes","GHCi.FFI","GHCi.TH.Binary","GHCi.Utils","GHCi.Run","GHCi.CreateBCO","GHCi.ObjLink","GHCi.Signals","GHCi.StaticPtrTable","GHCi.TH","GHCi.Server",{"_if":{"not":{"arch":"javascript"}},"_then":["GHCi.InfoTable"]}],"cpp-options":["-DHAVE_INTERNAL_INTERPRETER"],"default-language":"Haskell2010","default-extensions":["NoImplicitPrelude"],"other-extensions":["BangPatterns","CPP","DeriveGeneric","ExistentialQuantification","FlexibleInstances","GADTs","GeneralizedNewtypeDeriving","InstanceSigs","MagicHash","MultiParamTypeClasses","RecordWildCards","ScopedTypeVariables","StandaloneDeriving","TupleSections","UnboxedTuples"],"build-depends":[{"package":"rts","version":">=0","libs":["rts"]},{"package":"array","version":">=0.5 && <0.6","libs":["array"]},{"package":"base","version":">=4.8 && <4.21","libs":["base"]},{"package":"ghc-prim","version":">=0.5.0 && <0.12","libs":["ghc-prim"]},{"package":"binary","version":">=0.8 && <0.9","libs":["binary"]},{"package":"bytestring","version":">=0.10 && <0.13","libs":["bytestring"]},{"package":"containers","version":">=0.5 && <0.8","libs":["containers"]},{"package":"deepseq","version":">=1.4 && <1.6","libs":["deepseq"]},{"package":"filepath","version":">=1.4 && <1.6","libs":["filepath"]},{"package":"ghc-boot","version":"==9.11","libs":["ghc-boot"]},{"package":"ghc-heap","version":"==9.11","libs":["ghc-heap"]},{"package":"transformers","version":">=0.5 && <0.7","libs":["transformers"]},{"_if":{"flag":"bootstrap"},"_then":[{"package":"ghc-boot-th-next","version":"==9.11","libs":["ghc-boot-th-next"]}]},{"_if":{"not":{"flag":"bootstrap"}},"_then":[{"package":"ghc-boot-th","version":"==9.11","libs":["ghc-boot-th"]}]},{"_if":{"not":{"os":"windows"}},"_then":[{"package":"unix","version":">=2.7 && <2.9","libs":["unix"]}]}]}}}