{"cabal-version":">=1.10","name":"haskeline","version":"0.8.2.1","license":"BSD3","license-file":["LICENSE"],"license-files":["LICENSE"],"copyright":"(c) Judah Jacobson","maintainer":"Judah Jacobson <judah.jacobson@gmail.com>","author":"Judah Jacobson","stability":"Stable","tested-with":[["ghc","==9.8.0"],["ghc","==9.6.3"],["ghc","==9.4.7"],["ghc","==9.2.8"],["ghc","==9.0.2"],["ghc","==8.10.7"],["ghc","==8.8.4"],["ghc","==8.6.5"],["ghc","==8.4.4"],["ghc","==8.2.2"],["ghc","==8.0.2"]],"homepage":"https://github.com/judah/haskeline","bug-reports":"https://github.com/judah/haskeline/issues","synopsis":"A command-line interface for user input, written in Haskell.","description":"Haskeline provides a user interface for line input in command-line\nprograms.  This library is similar in purpose to readline, but since\nit is written in Haskell it is (hopefully) more easily used in other\nHaskell programs.\n\nHaskeline runs both on POSIX-compatible systems and on Windows.","category":"User Interfaces","build-type":"Simple","extra-source-files":["examples/Test.hs","Changelog","includes/*.h"],"source-repositories":{"head":{"type":"git","location":"https://github.com/judah/haskeline.git"}},"components":{"lib":{"exposed-modules":["System.Console.Haskeline","System.Console.Haskeline.Completion","System.Console.Haskeline.History","System.Console.Haskeline.IO","System.Console.Haskeline.Internal"],"cpp-options":["-DMINGW"],"c-sources":["cbits/h_wcwidth.c","cbits/win_console.c"],"other-modules":["System.Console.Haskeline.Backend","System.Console.Haskeline.Backend.WCWidth","System.Console.Haskeline.Command","System.Console.Haskeline.Command.Completion","System.Console.Haskeline.Command.History","System.Console.Haskeline.Command.KillRing","System.Console.Haskeline.Directory","System.Console.Haskeline.Emacs","System.Console.Haskeline.InputT","System.Console.Haskeline.Key","System.Console.Haskeline.LineState","System.Console.Haskeline.Monads","System.Console.Haskeline.Prefs","System.Console.Haskeline.Recover","System.Console.Haskeline.RunCommand","System.Console.Haskeline.Term","System.Console.Haskeline.Command.Undo","System.Console.Haskeline.Vi","System.Console.Haskeline.Backend.Win32","System.Console.Haskeline.Backend.Win32.Echo"],"default-language":"Haskell98","default-extensions":["ForeignFunctionInterface","Rank2Types","FlexibleInstances","TypeSynonymInstances","FlexibleContexts","ExistentialQuantification","ScopedTypeVariables","GeneralizedNewtypeDeriving","StandaloneDeriving","MultiParamTypeClasses","UndecidableInstances","CPP","DeriveDataTypeable","PatternGuards"],"include-dirs":["includes"],"includes":["win_console.h","windows_cconv.h"],"install-includes":["win_console.h"],"ghc-options":["-Wall","-Wcompat"],"build-depends":[{"package":"base","version":">=4.9 && <4.21","libs":["base"]},{"package":"containers","version":">=0.4 && <0.8","libs":["containers"]},{"package":"directory","version":">=1.1 && <1.4","libs":["directory"]},{"package":"bytestring","version":">=0.9 && <0.13","libs":["bytestring"]},{"package":"filepath","version":">=1.2 && <1.6","libs":["filepath"]},{"package":"transformers","version":">=0.2 && <0.7","libs":["transformers"]},{"package":"process","version":">=1.0 && <1.7","libs":["process"]},{"package":"stm","version":">=2.4 && <2.6","libs":["stm"]},{"package":"exceptions","version":">=0.10 && <0.11","libs":["exceptions"]},{"package":"Win32","version":">=2.0","libs":["Win32"]}]},"exe:haskeline-examples-Test":{"main-is":"Test.hs","hs-source-dirs":["examples"],"default-language":"Haskell2010","build-depends":[{"package":"base","version":">=0","libs":["base"]},{"package":"containers","version":">=0","libs":["containers"]},{"package":"haskeline","version":">=0","libs":["haskeline"]}],"buildable":[{"_if":{"not":{"flag":"examples"}},"_then":false}]},"test:haskeline-tests":{"type":"exitcode-stdio-1.0","main-is":"Unit.hs","buildable":[false,{"_if":{"not":{"flag":"examples"}},"_then":false}],"build-tool-depends":[{"package":"haskeline","version":">=0","exe":"haskeline-examples-Test"}],"hs-source-dirs":["tests"],"other-modules":["RunTTY","Pty"],"default-language":"Haskell98","build-depends":[{"package":"base","version":">=0","libs":["base"]},{"package":"containers","version":">=0","libs":["containers"]},{"package":"text","version":">=0","libs":["text"]},{"package":"bytestring","version":">=0","libs":["bytestring"]},{"package":"HUnit","version":">=0","libs":["HUnit"]},{"package":"process","version":">=0","libs":["process"]},{"package":"unix","version":">=0","libs":["unix"]}]}}}