{"cabal-version":"2.4","name":"hp2ps","version":"0.1","license":"BSD-3-Clause","license-file":"","copyright":"XXX","maintainer":"XXX","author":"XXX","synopsis":"Heap Profile to PostScript converter","description":"XXX","category":"Development","build-type":"Simple","extra-source-files":["AreaBelow.h","AuxFile.h","Axes.h","Curves.h","Defines.h","Deviation.h","Dimensions.h","Error.h","HpFile.h","Key.h","Main.h","Marks.h","PsFile.h","Reorder.h","Scale.h","Shade.h","TopTwenty.h","TraceElement.h","Utilities.h"],"executables":{"hp2ps":{"c-sources":["AreaBelow.c","Curves.c","Error.c","Reorder.c","TopTwenty.c","AuxFile.c","Deviation.c","HpFile.c","Marks.c","Scale.c","TraceElement.c","Axes.c","Dimensions.c","Key.c","PsFile.c","Shade.c","Utilities.c"],"default-language":["Haskell2010"],"extra-libraries":["m"],"main-is":["Main.c"]}}}