{"cabal-version":"2.2","name":"hpc-bin","version":"0.69","license":"BSD-3-Clause","license-file":["LICENSE"],"license-files":["LICENSE"],"copyright":"(c) Andy Gill, Colin Runciman","maintainer":"XXX","author":"Andy Gill, Colin Runciman","bug-reports":"https://gitlab.haskell.org/hpc/hpc-bin/-/issues","synopsis":"Hpc is a tool for generating coverage reports for Haskell projects.","description":"Hpc is a tool for generating coverage reports in various output formats for Haskell projects.","category":"Development","build-type":"Simple","extra-doc-files":["README.md","CHANGELOG.md"],"source-repositories":{"head":{"type":"git","location":"https://gitlab.haskell.org/hpc/hpc-bin.git"}},"flags":{"build-tool-depends":{"description":"Use build-tool-depends"}},"components":{"exe:hpc":{"main-is":"Main.hs","hs-source-dirs":["app","src"],"other-modules":["Trace.Hpc.Parser","Trace.Hpc.Combine","Trace.Hpc.Draft","Trace.Hpc.Flags","Trace.Hpc.Lexer","Trace.Hpc.Plugin","Trace.Hpc.Markup","Trace.Hpc.Map","Trace.Hpc.Sum","Trace.Hpc.Overlay","Trace.Hpc.Report","Trace.Hpc.ShowTix","Trace.Hpc.Utils","Trace.Hpc.Main","Paths_hpc_bin"],"autogen-modules":["Paths_hpc_bin"],"default-language":"Haskell2010","build-depends":[{"package":"base","version":">=4 && <5","libs":["base"]},{"package":"deepseq","version":">=1.4.4 && <1.6","libs":["deepseq"]},{"package":"directory","version":">=1 && <1.4","libs":["directory"]},{"package":"filepath","version":">=1 && <1.6","libs":["filepath"]},{"package":"containers","version":">=0.1 && <0.8","libs":["containers"]},{"package":"array","version":">=0.1 && <0.6","libs":["array"]},{"package":"hpc","version":">=0.6.2 && <0.8","libs":["hpc"]}],"ghc-options":[{"_if":{"flag":"ci-build"},"_then":["-Wall","-Wcompat","-Werror"]}]},"test:hpc-test":{"type":"exitcode-stdio-1.0","main-is":"Main.hs","build-tool-depends":[{"package":"hpc-bin","version":">=0","exe":"hpc"}],"hs-source-dirs":["test"],"other-modules":["Paths_hpc_bin","Utils","GHC.Tests","ShowTix.Tests","Report.Tests","Version.Tests","Map.Tests","Sum.Tests","Combine.Tests"],"autogen-modules":["Paths_hpc_bin"],"default-language":"Haskell2010","build-depends":[{"package":"base","version":">=4 && <5","libs":["base"]},{"package":"directory","version":">=1 && <1.4","libs":["directory"]},{"package":"filepath","version":">=1 && <1.5","libs":["filepath"]},{"package":"process","version":"^>=1.6","libs":["process"]},{"package":"tasty","version":"^>=1.4","libs":["tasty"]},{"package":"tasty-golden","version":"^>=2.3","libs":["tasty-golden"]},{"package":"tasty-hunit","version":"^>=0.10","libs":["tasty-hunit"]},{"package":"text","version":"^>=2.0","libs":["text"]},{"package":"utf8-string","version":"^>=1.0","libs":["utf8-string"]}]}}}