{"cabal-version":"2.0","name":"integer-gmp","version":"1.1","license":"BSD3","license-file":["LICENSE"],"license-files":["LICENSE"],"maintainer":"hvr@gnu.org","author":"Herbert Valerio Riedel","homepage":"https://www.haskell.org/ghc/","bug-reports":"https://gitlab.haskell.org/ghc/ghc/issues/new","synopsis":"Integer library based on GMP","description":"This package used to provide an implementation of the standard 'Integer'\ntype based on the\n<http://gmplib.org/ GNU Multiple Precision Arithmetic Library (GMP)>.\n\nIt is now deprecated in favor of the 'ghc-bignum' package.\n\nIts purpose is to provide backward compatibility for codes directly\ndepending on the `integer-gmp` package.","category":"Numeric, Algebra","build-type":"Simple","source-repositories":{"head":{"type":"git","location":"https://gitlab.haskell.org/ghc/ghc.git","subdir":"libraries/integer-gmp"}},"components":{"lib":{"exposed-modules":["GHC.Integer.GMP.Internals"],"hs-source-dirs":["src/"],"default-language":"Haskell2010","ghc-options":["-Wall"],"build-depends":[{"package":"base","version":">=4.11 && <5","libs":["base"]},{"package":"ghc-prim","version":">=0","libs":["ghc-prim"]},{"package":"ghc-bignum","version":">=0","libs":["ghc-bignum"]},{"package":"ghc-internal","version":">=0","libs":["ghc-internal"]}]}}}