{"cabal-version":"3.0","name":"lint-whitespace","version":"0.1.0.0","license":"GPL-3.0-only","license-file":"","author":"The GHC team","synopsis":"Lint whitespace","build-type":"Simple","executables":{"lint-whitespace":{"build-depends":[{"package":"linters-common","version":">=0","libs":["linters-common"]},{"package":"mtl","version":">=2.1 && <2.4","libs":["mtl"]},{"package":"process","version":"^>=1.6","libs":["process"]},{"package":"containers","version":">=0.6 && <0.8","libs":["containers"]},{"package":"base","version":">=4.14 && <5","libs":["base"]},{"package":"text","version":">=1.2 && <3","libs":["text"]}],"default-language":["Haskell2010"],"hs-source-dirs":["."],"main-is":["Main.hs"]}}}