{"cabal-version":"3.0","name":"linters-common","version":"0.1.0.0","license":"GPL-3.0-only","license-file":[""],"author":"The GHC team","synopsis":"Common library for GHC linting scripts","build-type":"Simple","components":{"lib":{"exposed-modules":["Linters.Common"],"hs-source-dirs":["."],"default-language":"Haskell2010","ghc-options":["-Wall"],"build-depends":[{"package":"process","version":"^>=1.6","libs":["process"]},{"package":"base","version":">=4.14 && <5","libs":["base"]},{"package":"text","version":">=1.2 && <3","libs":["text"]},{"package":"deepseq","version":">=1.1","libs":["deepseq"]}]}}}