{"cabal-version":"3.0","name":"lint-commit-msg","version":"0.1.0.0","license":"GPL-3.0-only","license-file":[""],"author":"The GHC team","synopsis":"Lint a commit message","build-type":"Simple","components":{"exe:lint-commit-msg":{"main-is":"Main.hs","hs-source-dirs":["."],"default-language":"Haskell2010","ghc-options":["-Wall"],"build-depends":[{"package":"linters-common","version":">=0","libs":["linters-common"]},{"package":"mtl","version":">=2.1 && <2.4","libs":["mtl"]},{"package":"base","version":">=4.14 && <5","libs":["base"]},{"package":"text","version":">=1.2 && <2.2","libs":["text"]}]}}}