{"cabal-version":"2.4","name":"lint-codes","version":"0.1.0.0","license":"BSD-3-Clause","license-file":"","copyright":"(c) 2023 Sam Derbyshire","maintainer":"sam@well-typed.com","author":"Sam Derbyshire","bug-reports":"https://gitlab.haskell.org/ghc/ghc","synopsis":"A tool for checking coverage of GHC diagnostic codes","executables":{"lint-codes":{"build-depends":[{"package":"base","version":">=4 && <5","libs":["base"]},{"package":"ghc","version":">=9.9","libs":["ghc"]},{"package":"bytestring","version":">=0","libs":["bytestring"]},{"package":"containers","version":">=0","libs":["containers"]},{"package":"directory","version":">=0","libs":["directory"]},{"package":"filepath","version":">=0","libs":["filepath"]},{"package":"text","version":">=0","libs":["text"]},{"package":"transformers","version":">=0","libs":["transformers"]},{"package":"process","version":">=0","libs":["process"]}],"default-language":["Haskell2010"],"ghc-options":["-O1","-Wall","-Wcompat","-fwarn-missing-local-signatures","-fwarn-incomplete-patterns","-fwarn-incomplete-uni-patterns","-fwarn-missing-deriving-strategies","-fno-warn-unticked-promoted-constructors"],"main-is":["Main.hs"],"other-modules":["LintCodes.Args","LintCodes.Coverage","LintCodes.Static"]}}}