{"cabal-version":"3.0","name":"lint-submodule-refs","version":"0.1.0.0","license":"GPL-3.0-only","license-file":"","author":"The GHC team","synopsis":"Lint submodule references","build-type":"Simple","executables":{"lint-submodule-refs":{"build-depends":[{"package":"base","version":">=4.14 && <5","libs":["base"]},{"package":"text","version":">=1.2 && <2.2","libs":["text"]},{"package":"linters-common","version":">=0","libs":["linters-common"]}],"default-language":["Haskell2010"],"ghc-options":["-Wall"],"hs-source-dirs":["."],"main-is":["Main.hs"]}}}