{"cabal-version":"2.4","name":"lint-notes","version":"0.1.0.0","license":"BSD-3-Clause","license-file":"","copyright":"(c) 2022 Ben Gamari","maintainer":"ben@smart-cactus.org","author":"Ben Gamari","bug-reports":"https://gitlab.haskell.org/ghc/ghc","synopsis":"A tool for querying and checking GHC Notes","executables":{"lint-notes":{"build-depends":[{"package":"base","version":">=4 && <5","libs":["base"]},{"package":"bytestring","version":">=0","libs":["bytestring"]},{"package":"containers","version":">=0","libs":["containers"]},{"package":"directory","version":">=0","libs":["directory"]},{"package":"text","version":">=0","libs":["text"]},{"package":"process","version":">=0","libs":["process"]},{"package":"array","version":">=0","libs":["array"]}],"default-language":["Haskell2010"],"main-is":["Main.hs"],"other-modules":["Notes"]}}}