{"cabal-version":"2.4","name":"nofib-analyse","version":"0","license-file":[""],"components":{"exe:nofib-analyse":{"main-is":"Main.hs","other-modules":["CmdLine","GenUtils","Slurp"],"default-language":"Haskell2010","build-depends":[{"package":"array","version":">=0","libs":["array"]},{"package":"base","version":">=0","libs":["base"]},{"package":"containers","version":">=0","libs":["containers"]},{"package":"regex-compat","version":">=0","libs":["regex-compat"]}]}}}