{"cabal-version":">=1.10","name":"nofib","version":"0.1.0.0","license":"BSD3","license-file":["LICENSE"],"license-files":["LICENSE"],"maintainer":"ben@smart-cactus.org","author":"Ben Gamari","build-type":"Simple","components":{"lib":{"exposed-modules":["Measurements"],"hs-source-dirs":["src"],"default-language":"Haskell2010","ghc-options":["-Wall"],"build-depends":[{"package":"base","version":">=4.5 && <4.19","libs":["base"]},{"package":"aeson","version":">=0","libs":["aeson"]},{"package":"these","version":">=0.8","libs":["these"]},{"package":"containers","version":">=0","libs":["containers"]},{"package":"cassava","version":">=0","libs":["cassava"]},{"package":"text","version":">=0","libs":["text"]},{"package":"filepath","version":">=0","libs":["filepath"]},{"package":"vector","version":">=0","libs":["vector"]},{"package":"bytestring","version":">=0","libs":["bytestring"]}]},"exe:nofib-run":{"main-is":"Main.hs","hs-source-dirs":["runner"],"other-modules":["CachegrindParse","PerfStatParse","ParseResults","RunnerTypes","Utils"],"default-language":"Haskell2010","other-extensions":["RecordWildCards","DeriveDataTypeable","BangPatterns","ScopedTypeVariables"],"ghc-options":["-Wall","-fno-worker-wrapper","-threaded"],"build-depends":[{"package":"base","version":">=4.5 && <4.19","libs":["base"]},{"package":"time","version":">=1.4 && <1.10","libs":["time"]},{"package":"containers","version":">=0","libs":["containers"]},{"package":"bytestring","version":">=0","libs":["bytestring"]},{"package":"directory","version":">=1.1 && <1.4","libs":["directory"]},{"package":"filepath","version":">=0","libs":["filepath"]},{"package":"process","version":">=1.3 && <1.7","libs":["process"]},{"package":"text","version":">=0","libs":["text"]},{"package":"optparse-applicative","version":">=0","libs":["optparse-applicative"]},{"package":"shake","version":">=0.17","libs":["shake"]},{"package":"nofib","version":">=0","libs":["nofib"]},{"package":"deepseq","version":">=0","libs":["deepseq"]}]},"exe:nofib-compare":{"main-is":"Compare.hs","hs-source-dirs":["compare"],"other-modules":["LabelMatch"],"default-language":"Haskell2010","other-extensions":["RecordWildCards","DeriveDataTypeable"],"ghc-options":["-Wall"],"build-depends":[{"package":"base","version":">=4.5 && <4.19","libs":["base"]},{"package":"these","version":">=0","libs":["these"]},{"package":"containers","version":">=0","libs":["containers"]},{"package":"directory","version":">=0","libs":["directory"]},{"package":"filepath","version":">=0","libs":["filepath"]},{"package":"text","version":">=0","libs":["text"]},{"package":"aeson","version":">=0","libs":["aeson"]},{"package":"ansi-wl-pprint","version":">=0","libs":["ansi-wl-pprint"]},{"package":"tabular","version":">=0.2.2.8","libs":["tabular"]},{"package":"semialign","version":">=0","libs":["semialign"]},{"package":"optparse-applicative","version":">=0","libs":["optparse-applicative"]},{"package":"ansi-terminal","version":">=0","libs":["ansi-terminal"]},{"package":"nofib","version":">=0","libs":["nofib"]}]},"exe:nofib-merge":{"main-is":"Merge.hs","default-language":"Haskell2010","ghc-options":["-Wall"],"build-depends":[{"package":"base","version":">=4.5 && <4.19","libs":["base"]},{"package":"optparse-applicative","version":">=0","libs":["optparse-applicative"]},{"package":"cassava","version":">=0","libs":["cassava"]},{"package":"bytestring","version":">=0","libs":["bytestring"]},{"package":"nofib","version":">=0","libs":["nofib"]}]}}}