{"cabal-version":"2.2","name":"os-string","version":"2.0.4","license":"BSD-3-Clause","license-file":"LICENSE","copyright":"Julain Ospald 2021-2023","maintainer":"Julian Ospald <hasufell@posteo.de>","author":"Julian Ospald <hasufell@posteo.de>","tested-with":[["ghc","==8.6.5 || ==8.8.4 || ==8.10.7 || ==9.0.2 || ==9.2.8 || ==9.4.8 || ==9.6.3 || ==9.8.1"]],"homepage":"https://github.com/haskell/os-string/blob/master/README.md","bug-reports":"https://github.com/haskell/os-string/issues","synopsis":"Library for manipulating Operating system strings.","description":"This package provides functionality for manipulating @OsString@ values, and is shipped with <https://www.haskell.org/ghc/ GHC>.","category":"System","build-type":"Simple","extra-source-files":["System/OsString/Common.hs","tests/bytestring-tests/Properties/Common.hs","bench/Common.hs"],"extra-doc-files":["changelog.md","README.md"],"source-repos":[{"type":"git","location":"https://github.com/haskell/os-string"}],"library":{"build-depends":[{"package":"base","version":">=4.12.0.0 && <4.21","libs":["base"]},{"package":"bytestring","version":">=0.11.3.0","libs":["bytestring"]},{"package":"deepseq","version":">=0","libs":["deepseq"]},{"package":"exceptions","version":">=0","libs":["exceptions"]},{"package":"template-haskell","version":">=0","libs":["template-haskell"]}],"default-language":["Haskell2010"],"exposed-modules":["System.OsString.Data.ByteString.Short","System.OsString.Data.ByteString.Short.Internal","System.OsString.Data.ByteString.Short.Word16","System.OsString.Encoding","System.OsString.Encoding.Internal","System.OsString","System.OsString.Internal","System.OsString.Internal.Types","System.OsString.Posix","System.OsString.Windows"],"ghc-options":["-Wall"],"other-extensions":[{"_if":{"impl":"ghc","range":">=7.2"},"_then":"Safe"},"CPP","PatternGuards"]},"test-suites":{"bytestring-tests":{"build-depends":[{"package":"base","version":">=0","libs":["base"]},{"package":"bytestring","version":">=0.11.3.0","libs":["bytestring"]},{"package":"os-string","version":">=0","libs":["os-string"]},{"package":"QuickCheck","version":">=2.7 && <2.16","libs":["QuickCheck"]}],"default-language":["Haskell2010"],"ghc-options":["-Wall"],"hs-source-dirs":["tests","tests/bytestring-tests"],"main-is":["Main.hs"],"other-modules":["Properties.ShortByteString","Properties.WindowsString","Properties.PosixString","Properties.OsString","Properties.ShortByteString.Word16","TestUtil"],"type":["exitcode-stdio-1.0"]},"encoding-tests":{"build-depends":[{"package":"base","version":">=0","libs":["base"]},{"package":"bytestring","version":">=0.11.3.0","libs":["bytestring"]},{"package":"deepseq","version":">=0","libs":["deepseq"]},{"package":"os-string","version":">=0","libs":["os-string"]},{"package":"QuickCheck","version":">=2.7 && <2.16","libs":["QuickCheck"]},{"package":"quickcheck-classes-base","version":"^>=0.6.2","libs":["quickcheck-classes-base"]}],"default-language":["Haskell2010"],"ghc-options":["-Wall"],"hs-source-dirs":["tests","tests/encoding"],"main-is":["Main.hs"],"other-modules":["Arbitrary","EncodingSpec","TestUtil"],"type":["exitcode-stdio-1.0"]}},"benchmarks":{"bench":{"build-depends":[{"package":"base","version":">=0","libs":["base"]},{"package":"bytestring","version":">=0","libs":["bytestring"]},{"package":"os-string","version":">=0","libs":["os-string"]},{"package":"deepseq","version":">=0","libs":["deepseq"]},{"package":"tasty-bench","version":">=0","libs":["tasty-bench"]},{"package":"random","version":">=0","libs":["random"]}],"default-language":["Haskell2010"],"ghc-options":[{"_if":{"impl":"ghc","range":">=8.6"},"_then":"-fproc-alignment=64"},"-O2","-with-rtsopts=-A32m"],"hs-source-dirs":["bench"],"main-is":["Bench.hs"],"other-modules":["BenchOsString","BenchPosixString","BenchWindowsString"],"type":["exitcode-stdio-1.0"]}}}