{"cabal-version":"2.4","name":"process","version":"1.6.25.0","license":"BSD-3-Clause","license-file":["LICENSE"],"license-files":["LICENSE"],"maintainer":"libraries@haskell.org","bug-reports":"https://github.com/haskell/process/issues","synopsis":"Process libraries","description":"This package contains libraries for dealing with system processes.\n\nThe typed-process package is a more recent take on a process API,\nwhich uses this package internally. It features better binary\nsupport, easier concurrency, and a more composable API. You can\nread more about it at\n<https://github.com/fpco/typed-process/#readme>.","category":"System","build-type":"Configure","extra-source-files":["aclocal.m4","configure","configure.ac","include/HsProcessConfig.h.in","process.buildinfo","exes/echo.bat","exes/subdir/echo.bat","cbits/posix/common.h"],"extra-tmp-files":["autom4te.cache","config.log","config.status","include/HsProcessConfig.h"],"extra-doc-files":["changelog.md"],"source-repositories":{"head":{"type":"git","location":"https://github.com/haskell/process.git"}},"components":{"lib":{"exposed-modules":["System.Cmd","System.Process","System.Process.CommunicationHandle","System.Process.CommunicationHandle.Internal","System.Process.Internals"],"cpp-options":["-DWINDOWS"],"c-sources":["cbits/win32/runProcess.c"],"other-modules":["System.Process.Common","System.Process.Windows"],"default-language":"Haskell2010","other-extensions":["BangPatterns","CPP","InterruptibleFFI","RecordWildCards","Trustworthy","Safe"],"extra-libraries":["kernel32","ole32","rpcrt4"],"include-dirs":["include"],"install-includes":["runProcess.h","processFlags.h"],"ghc-options":["-Wall"],"build-depends":[{"package":"base","version":">=4.10 && <4.21","libs":["base"]},{"package":"directory","version":">=1.1 && <1.4","libs":["directory"]},{"package":"filepath","version":">=1.2 && <1.6","libs":["filepath"]},{"package":"deepseq","version":">=1.1 && <1.6","libs":["deepseq"]},{"package":"Win32","version":">=2.4 && <2.15","libs":["Win32"]}]}}}