{"cabal-version":"3.0","name":"time","version":"1.14","license":"BSD-2-Clause","license-file":"LICENSE","maintainer":"<ashley@semantic.org>","author":"Ashley Yakeley","stability":"stable","tested-with":[["ghc","==9.4.8"],["ghc","==9.6.4"],["ghc","==9.8.2"]],"homepage":"https://github.com/haskell/time","bug-reports":"https://github.com/haskell/time/issues","synopsis":"A time library","description":"Time, clocks and calendars","category":"Time","x-follows-version-policy":"","build-type":"Configure","extra-source-files":["aclocal.m4","configure.ac","configure","lib/include/HsTime.h","lib/include/HsTimeConfig.h.in","test/unix/Test/Format/*.c","test/unix/Test/Format/*.h"],"extra-tmp-files":["config.log","config.status","autom4te.cache","lib/include/HsTimeConfig.h"],"extra-doc-files":["changelog.md"],"source-repos":[{"type":"git","location":"https://github.com/haskell/time"}],"library":{"autogen-includes":[{"_if":{"not":{"os":"windows"}},"_then":"HsTimeConfig.h"}],"build-depends":[{"_if":{"os":"windows"},"_then":{"package":"Win32","version":">=0","libs":["Win32"]}},{"package":"base","version":">=4.14 && <5","libs":["base"]},{"package":"deepseq","version":">=1.1","libs":["deepseq"]},{"package":"template-haskell","version":">=2.16","libs":["template-haskell"]}],"c-sources":["lib/cbits/HsTime.c"],"default-extensions":["Rank2Types","DeriveDataTypeable","DeriveLift","DeriveGeneric","StandaloneDeriving","PatternSynonyms","ViewPatterns"],"default-language":["Haskell2010"],"exposed-modules":["Data.Time.Calendar","Data.Time.Calendar.MonthDay","Data.Time.Calendar.OrdinalDate","Data.Time.Calendar.WeekDate","Data.Time.Calendar.Julian","Data.Time.Calendar.Easter","Data.Time.Calendar.Month","Data.Time.Calendar.Quarter","Data.Time.Clock","Data.Time.Clock.System","Data.Time.Clock.POSIX","Data.Time.Clock.TAI","Data.Time.LocalTime","Data.Time.Format","Data.Time.Format.Internal","Data.Time.Format.ISO8601","Data.Time"],"ghc-options":["-Wall","-fwarn-tabs"],"hs-source-dirs":["lib"],"include-dirs":["lib/include"],"install-includes":[{"_if":{"not":{"os":"windows"}},"_then":"HsTime.h"},{"_if":{"not":{"os":"windows"}},"_then":"HsTimeConfig.h"},{"_if":{"os":"windows"},"_then":"HsTime.h"}],"other-modules":["Data.Format","Data.Time.Calendar.CalendarDiffDays","Data.Time.Calendar.Days","Data.Time.Calendar.Gregorian","Data.Time.Calendar.JulianYearDay","Data.Time.Calendar.Private","Data.Time.Calendar.Types","Data.Time.Calendar.Week","Data.Time.Clock.Internal.DiffTime","Data.Time.Clock.Internal.AbsoluteTime","Data.Time.Clock.Internal.NominalDiffTime","Data.Time.Clock.Internal.POSIXTime","Data.Time.Clock.Internal.UniversalTime","Data.Time.Clock.Internal.SystemTime","Data.Time.Clock.Internal.UTCTime","Data.Time.Clock.Internal.CTimeval","Data.Time.Clock.Internal.CTimespec","Data.Time.Clock.Internal.UTCDiff","Data.Time.LocalTime.Internal.TimeZone","Data.Time.LocalTime.Internal.TimeOfDay","Data.Time.LocalTime.Internal.CalendarDiffTime","Data.Time.LocalTime.Internal.LocalTime","Data.Time.LocalTime.Internal.ZonedTime","Data.Time.Format.Parse","Data.Time.Format.Locale","Data.Time.Format.Format.Class","Data.Time.Format.Format.Instances","Data.Time.Format.Parse.Class","Data.Time.Format.Parse.Instances"]},"test-suites":{"ShowDefaultTZAbbreviations":{"build-depends":[{"package":"base","version":">=0","libs":["base"]},{"package":"time","version":">=0","libs":["time"]}],"default-language":["Haskell2010"],"ghc-options":["-Wall","-fwarn-tabs"],"hs-source-dirs":["test"],"main-is":["ShowDefaultTZAbbreviations.hs"],"type":["exitcode-stdio-1.0"]},"ShowTime":{"build-depends":[{"package":"base","version":">=0","libs":["base"]},{"package":"time","version":">=0","libs":["time"]}],"default-language":["Haskell2010"],"ghc-options":["-Wall","-fwarn-tabs"],"hs-source-dirs":["test"],"main-is":["ShowTime.hs"],"type":["exitcode-stdio-1.0"]},"test-main":{"build-depends":[{"package":"base","version":">=0","libs":["base"]},{"package":"deepseq","version":">=0","libs":["deepseq"]},{"package":"time","version":">=0","libs":["time"]},{"package":"random","version":">=0","libs":["random"]},{"package":"QuickCheck","version":">=0","libs":["QuickCheck"]},{"package":"tasty","version":">=0","libs":["tasty"]},{"package":"tasty-hunit","version":">=0","libs":["tasty-hunit"]},{"package":"tasty-quickcheck","version":">=0","libs":["tasty-quickcheck"]},{"package":"template-haskell","version":">=0","libs":["template-haskell"]}],"default-extensions":["Rank2Types","TypeApplications","GeneralizedNewtypeDeriving","DeriveDataTypeable","StandaloneDeriving","DerivingStrategies","ExistentialQuantification","MultiParamTypeClasses","FlexibleInstances","UndecidableInstances","ScopedTypeVariables","TupleSections","RecordWildCards"],"default-language":["Haskell2010"],"ghc-options":["-Wall","-fwarn-tabs"],"hs-source-dirs":["test/main"],"main-is":["Main.hs"],"other-modules":["Test.Types","Test.TestUtil","Test.Arbitrary","Test.Calendar.AddDays","Test.Calendar.AddDaysRef","Test.Calendar.CalendarProps","Test.Calendar.Calendars","Test.Calendar.CalendarsRef","Test.Calendar.ClipDates","Test.Calendar.ClipDatesRef","Test.Calendar.ConvertBack","Test.Calendar.Duration","Test.Calendar.Easter","Test.Calendar.EasterRef","Test.Calendar.DayPeriod","Test.Calendar.LongWeekYears","Test.Calendar.LongWeekYearsRef","Test.Calendar.MonthDay","Test.Calendar.MonthDayRef","Test.Calendar.MonthOfYear","Test.Calendar.Valid","Test.Calendar.Week","Test.Calendar.Year","Test.Clock.Conversion","Test.Clock.Lift","Test.Clock.Resolution","Test.Clock.TAI","Test.Format.Compile","Test.Format.Format","Test.Format.ParseTime","Test.Format.ISO8601","Test.LocalTime.CalendarDiffTime","Test.LocalTime.Time","Test.LocalTime.TimeOfDay","Test.LocalTime.TimeRef"],"type":["exitcode-stdio-1.0"]},"test-unix":{"build-depends":[{"package":"base","version":">=0","libs":["base"]},{"package":"deepseq","version":">=0","libs":["deepseq"]},{"package":"time","version":">=0","libs":["time"]},{"package":"random","version":">=0","libs":["random"]},{"package":"QuickCheck","version":">=0","libs":["QuickCheck"]},{"package":"tasty","version":">=0","libs":["tasty"]},{"package":"tasty-hunit","version":">=0","libs":["tasty-hunit"]},{"package":"tasty-quickcheck","version":">=0","libs":["tasty-quickcheck"]}],"buildable":[{"_if":{"os":"windows"},"_then":false}],"c-sources":["test/unix/Test/Format/FormatStuff.c"],"default-extensions":["Rank2Types","DeriveDataTypeable","StandaloneDeriving","ExistentialQuantification","MultiParamTypeClasses","FlexibleInstances","UndecidableInstances","ScopedTypeVariables"],"default-language":["Haskell2010"],"ghc-options":["-Wall","-fwarn-tabs"],"hs-source-dirs":["test/unix"],"main-is":["Main.hs"],"other-modules":["Test.TestUtil","Test.Format.Format","Test.LocalTime.TimeZone"],"type":["exitcode-stdio-1.0"]}},"benchmarks":{"time-bench":{"build-depends":[{"package":"base","version":">=0","libs":["base"]},{"package":"deepseq","version":">=0","libs":["deepseq"]},{"package":"time","version":">=0","libs":["time"]},{"package":"criterion","version":">=0","libs":["criterion"]}],"default-language":["Haskell2010"],"ghc-options":["-Wall","-fwarn-tabs"],"hs-source-dirs":["benchmark"],"main-is":["Main.hs"],"type":["exitcode-stdio-1.0"]}}}