{"cabal-version":">=1.2","name":"timeout","version":"1","license":"BSD3","license-file":[""],"copyright":"GHC Team","maintainer":"GHC Team <ghc-devs@haskell.org>","author":"GHC Team <ghc-devs@haskell.org>","synopsis":"timeout utility","description":"timeout utility","category":"Development","build-type":"Simple","components":{"exe:timeout":{"main-is":"timeout.hs","other-modules":["WinCBindings"],"extensions":["CPP"],"build-depends":[{"package":"base","version":">=0","libs":["base"]},{"package":"process","version":">=0","libs":["process"]},{"package":"unix","version":">=0","libs":["unix"]}]}}}