{"cabal-version":"1.12","name":"unix","version":"2.8.5.1","license":"BSD3","license-file":["LICENSE"],"license-files":["LICENSE"],"maintainer":"Julian Ospald <hasufell@posteo.de>, Viktor Dukhovni <ietf-dane@dukhovni.org>, Andrew Lelechenko <andrew.lelechenko@gmail.com>","tested-with":[["ghc","==9.6.2"],["ghc","==9.4.7"],["ghc","==9.2.8"],["ghc","==9.0.2"],["ghc","==8.10.7"],["ghc","==8.8.4"],["ghc","==8.6.5"]],"homepage":"https://github.com/haskell/unix","bug-reports":"https://github.com/haskell/unix/issues","synopsis":"POSIX functionality","description":"This package gives you access to the set of operating system\nservices standardised by\n<http://pubs.opengroup.org/onlinepubs/9699919799/ POSIX.1-2008>\n(or the IEEE Portable Operating System Interface for Computing\nEnvironments - IEEE Std. 1003.1).\n\nThe package is not supported under Windows.","category":"System","build-type":"Configure","extra-source-files":["changelog.md","config.guess","config.sub","configure","configure.ac","include/HsUnix.h","include/HsUnixConfig.h.in","install-sh","unix.buildinfo.in"],"extra-tmp-files":["autom4te.cache","config.log","config.status","include/HsUnixConfig.h","unix.buildinfo"],"source-repositories":{"head":{"type":"git","location":"https://github.com/haskell/unix.git"}},"components":{"lib":{"exposed-modules":["System.Posix","System.Posix.ByteString","System.Posix.PosixString","System.Posix.Error","System.Posix.Resource","System.Posix.Time","System.Posix.Unistd","System.Posix.Signals","System.Posix.Signals.Exts","System.Posix.Semaphore","System.Posix.SharedMem","System.Posix.User","System.Posix.User.ByteString","System.Posix.ByteString.FilePath","System.Posix.PosixPath.FilePath","System.Posix.Directory","System.Posix.Directory.Internals","System.Posix.Directory.Fd","System.Posix.Directory.ByteString","System.Posix.Directory.PosixPath","System.Posix.DynamicLinker.Module","System.Posix.DynamicLinker.Module.ByteString","System.Posix.DynamicLinker.Prim","System.Posix.DynamicLinker.ByteString","System.Posix.DynamicLinker","System.Posix.Files","System.Posix.Files.ByteString","System.Posix.Files.PosixString","System.Posix.IO","System.Posix.IO.ByteString","System.Posix.IO.PosixString","System.Posix.Env","System.Posix.Env.ByteString","System.Posix.Env.PosixString","System.Posix.Fcntl","System.Posix.Process","System.Posix.Process.Internals","System.Posix.Process.ByteString","System.Posix.Process.PosixString","System.Posix.Temp","System.Posix.Temp.ByteString","System.Posix.Temp.PosixString","System.Posix.Terminal","System.Posix.Terminal.ByteString","System.Posix.Terminal.PosixString"],"buildable":false,"other-modules":["System.Posix.Directory.Common","System.Posix.DynamicLinker.Common","System.Posix.Files.Common","System.Posix.IO.Common","System.Posix.Process.Common","System.Posix.Terminal.Common","System.Posix.User.Common","System.Posix.Env.Internal"],"default-language":"Haskell2010","other-extensions":["CApiFFI","CPP","DeriveDataTypeable","InterruptibleFFI","NondecreasingIndentation","RankNTypes","RecordWildCards","Safe","Trustworthy"],"include-dirs":["include"],"includes":["HsUnix.h","execvpe.h"],"install-includes":["HsUnix.h","execvpe.h"],"ghc-options":["-Wall"],"build-depends":[{"package":"base","version":">=4.12.0.0 && <4.21","libs":["base"]},{"package":"bytestring","version":">=0.9.2 && <0.13","libs":["bytestring"]},{"package":"time","version":">=1.9.1 && <1.15","libs":["time"]},{"package":"unbuildable","version":"<0","libs":["unbuildable"]},{"_if":{"flag":"os-string"},"_then":[{"package":"filepath","version":">=1.5.0.0","libs":["filepath"]},{"package":"os-string","version":">=2.0.0","libs":["os-string"]}]},{"_if":{"not":{"flag":"os-string"}},"_then":[{"package":"filepath","version":">=1.4.100.0 && <1.5.0.0","libs":["filepath"]}]}],"c-sources":[{"_if":{"not":{"arch":"javascript"}},"_then":["cbits/HsUnix.c","cbits/execvpe.c"]}],"js-sources":[{"_if":{"arch":"javascript"},"_then":["jsbits/time.js"]}]},"test:unix-tests":{"type":"exitcode-stdio-1.0","main-is":"Test.hs","hs-source-dirs":["tests"],"other-modules":["FileStatus","FileExtendedStatus","FileStatusByteString","Signals001"],"default-language":"Haskell2010","ghc-options":["-Wall","-with-rtsopts=-V0"],"build-depends":[{"package":"base","version":">=0","libs":["base"]},{"package":"bytestring","version":">=0","libs":["bytestring"]},{"package":"tasty","version":">=0","libs":["tasty"]},{"package":"tasty-hunit","version":">=0","libs":["tasty-hunit"]},{"package":"tasty-quickcheck","version":">=0","libs":["tasty-quickcheck"]},{"package":"unix","version":">=0","libs":["unix"]},{"_if":{"flag":"os-string"},"_then":[{"package":"filepath","version":">=1.5.0.0","libs":["filepath"]},{"package":"os-string","version":">=2.0.0","libs":["os-string"]}]},{"_if":{"not":{"flag":"os-string"}},"_then":[{"package":"filepath","version":">=1.4.100.0 && <1.5.0.0","libs":["filepath"]}]}]},"test:FdReadBuf001":{"type":"exitcode-stdio-1.0","main-is":"FdReadBuf001.hs","hs-source-dirs":["tests"],"default-language":"Haskell2010","ghc-options":["-Wall","-threaded"],"build-depends":[{"package":"base","version":">=0","libs":["base"]},{"package":"unix","version":">=0","libs":["unix"]},{"_if":{"arch":"javascript"},"_then":[{"package":"unbuildable","version":"<0","libs":["unbuildable"]}]}],"buildable":[{"_if":{"arch":"javascript"},"_then":false}]},"test:ForkProcess01":{"type":"exitcode-stdio-1.0","main-is":"ForkProcess01.hs","hs-source-dirs":["tests"],"default-language":"Haskell2010","ghc-options":["-Wall"],"build-depends":[{"package":"base","version":">=0","libs":["base"]},{"package":"unix","version":">=0","libs":["unix"]},{"_if":{"arch":"javascript"},"_then":[{"package":"unbuildable","version":"<0","libs":["unbuildable"]}]}],"buildable":[{"_if":{"arch":"javascript"},"_then":false}]},"test:Signals002":{"type":"exitcode-stdio-1.0","main-is":"Signals002.hs","hs-source-dirs":["tests"],"default-language":"Haskell2010","ghc-options":["-Wall"],"build-depends":[{"package":"base","version":">=0","libs":["base"]},{"package":"unix","version":">=0","libs":["unix"]},{"_if":{"arch":"javascript"},"_then":[{"package":"unbuildable","version":"<0","libs":["unbuildable"]}]}],"buildable":[{"_if":{"arch":"javascript"},"_then":false}]},"test:Signals004":{"type":"exitcode-stdio-1.0","main-is":"Signals004.hs","hs-source-dirs":["tests"],"default-language":"Haskell2010","ghc-options":["-Wall"],"build-depends":[{"package":"base","version":">=0","libs":["base"]},{"package":"unix","version":">=0","libs":["unix"]},{"_if":{"arch":"javascript"},"_then":[{"package":"unbuildable","version":"<0","libs":["unbuildable"]}]}],"buildable":[{"_if":{"arch":"javascript"},"_then":false}]},"test:Posix004":{"type":"exitcode-stdio-1.0","main-is":"Posix004.hs","hs-source-dirs":["tests"],"default-language":"Haskell2010","ghc-options":["-Wall"],"build-depends":[{"package":"base","version":">=0","libs":["base"]},{"package":"unix","version":">=0","libs":["unix"]},{"_if":{"arch":"javascript"},"_then":[{"package":"unbuildable","version":"<0","libs":["unbuildable"]}]}],"buildable":[{"_if":{"arch":"javascript"},"_then":false}]},"test:Posix009":{"type":"exitcode-stdio-1.0","main-is":"Posix009.hs","hs-source-dirs":["tests"],"default-language":"Haskell2010","ghc-options":["-Wall","-with-rtsopts=-V0"],"build-depends":[{"package":"base","version":">=0","libs":["base"]},{"package":"unix","version":">=0","libs":["unix"]},{"_if":{"arch":"javascript"},"_then":[{"package":"unbuildable","version":"<0","libs":["unbuildable"]}]}],"buildable":[{"_if":{"arch":"javascript"},"_then":false}]},"test:Posix014":{"type":"exitcode-stdio-1.0","main-is":"Posix014.hs","hs-source-dirs":["tests"],"default-language":"Haskell2010","ghc-options":["-Wall"],"build-depends":[{"package":"base","version":">=0","libs":["base"]},{"package":"unix","version":">=0","libs":["unix"]},{"_if":{"arch":"javascript"},"_then":[{"package":"unbuildable","version":"<0","libs":["unbuildable"]}]}],"buildable":[{"_if":{"arch":"javascript"},"_then":false}]},"test:T8108":{"type":"exitcode-stdio-1.0","main-is":"T8108.hs","hs-source-dirs":["tests"],"default-language":"Haskell2010","ghc-options":["-Wall"],"build-depends":[{"package":"base","version":">=0","libs":["base"]},{"package":"unix","version":">=0","libs":["unix"]},{"_if":{"arch":"javascript"},"_then":[{"package":"unbuildable","version":"<0","libs":["unbuildable"]}]}],"buildable":[{"_if":{"arch":"javascript"},"_then":false}]},"test:ResourceLimit":{"type":"exitcode-stdio-1.0","main-is":"ResourceLimit.hs","hs-source-dirs":["tests"],"default-language":"Haskell2010","ghc-options":["-Wall"],"build-depends":[{"package":"base","version":">=0","libs":["base"]},{"package":"unix","version":">=0","libs":["unix"]},{"package":"tasty-hunit","version":">=0","libs":["tasty-hunit"]},{"_if":{"arch":"javascript"},"_then":[{"package":"unbuildable","version":"<0","libs":["unbuildable"]}]}],"buildable":[{"_if":{"arch":"javascript"},"_then":false}]},"test:Terminal":{"type":"exitcode-stdio-1.0","main-is":"Terminal.hs","hs-source-dirs":["tests"],"default-language":"Haskell2010","ghc-options":["-Wall"],"build-depends":[{"package":"base","version":">=0","libs":["base"]},{"package":"unix","version":">=0","libs":["unix"]},{"package":"tasty-hunit","version":">=0","libs":["tasty-hunit"]},{"_if":{"arch":"javascript"},"_then":[{"package":"unbuildable","version":"<0","libs":["unbuildable"]}]}],"buildable":[{"_if":{"arch":"javascript"},"_then":false}]},"test:PutEnv001":{"type":"exitcode-stdio-1.0","main-is":"PutEnv001.hs","hs-source-dirs":["tests"],"default-language":"Haskell2010","ghc-options":["-Wall","-with-rtsopts=-V0","-O0"],"build-depends":[{"package":"base","version":">=0","libs":["base"]},{"package":"unix","version":">=0","libs":["unix"]},{"package":"tasty","version":">=0","libs":["tasty"]},{"package":"tasty-hunit","version":">=0","libs":["tasty-hunit"]},{"_if":{"arch":"javascript"},"_then":[{"package":"unbuildable","version":"<0","libs":["unbuildable"]}]}],"buildable":[{"_if":{"arch":"javascript"},"_then":false}]},"test:Semaphore001":{"type":"exitcode-stdio-1.0","main-is":"Semaphore001.hs","hs-source-dirs":["tests"],"default-language":"Haskell2010","ghc-options":["-Wall"],"build-depends":[{"package":"base","version":">=0","libs":["base"]},{"package":"unix","version":">=0","libs":["unix"]},{"_if":{"arch":"javascript"},"_then":[{"package":"unbuildable","version":"<0","libs":["unbuildable"]}]}],"buildable":[{"_if":{"arch":"javascript"},"_then":false}]},"test:Semaphore002":{"type":"exitcode-stdio-1.0","main-is":"Semaphore002.hs","hs-source-dirs":["tests"],"default-language":"Haskell2010","ghc-options":["-Wall","-threaded"],"build-depends":[{"package":"base","version":">=0","libs":["base"]},{"package":"unix","version":">=0","libs":["unix"]},{"_if":{"arch":"javascript"},"_then":[{"package":"unbuildable","version":"<0","libs":["unbuildable"]}]}],"buildable":[{"_if":{"arch":"javascript"},"_then":false}]},"test:SemaphoreInterrupt":{"type":"exitcode-stdio-1.0","main-is":"SemaphoreInterrupt.hs","hs-source-dirs":["tests"],"default-language":"Haskell2010","ghc-options":["-Wall","-threaded"],"build-depends":[{"package":"base","version":">=0","libs":["base"]},{"package":"unix","version":">=0","libs":["unix"]},{"_if":{"arch":"javascript"},"_then":[{"package":"unbuildable","version":"<0","libs":["unbuildable"]}]}],"buildable":[{"_if":{"arch":"javascript"},"_then":false}]},"test:T13660":{"type":"exitcode-stdio-1.0","main-is":"T13660.hs","hs-source-dirs":["tests"],"default-language":"Haskell2010","ghc-options":["-Wall"],"build-depends":[{"package":"base","version":">=0","libs":["base"]},{"package":"unix","version":">=0","libs":["unix"]},{"package":"bytestring","version":">=0","libs":["bytestring"]},{"_if":{"flag":"os-string"},"_then":[{"package":"filepath","version":">=1.5.0.0","libs":["filepath"]},{"package":"os-string","version":">=2.0.0","libs":["os-string"]}]},{"_if":{"not":{"flag":"os-string"}},"_then":[{"package":"filepath","version":">=1.4.100.0 && <1.5.0.0","libs":["filepath"]}]}]}}}