{"cabal-version":"2.4","name":"unlit","version":"0.1","license":"BSD-3-Clause","license-file":"","copyright":"XXX","maintainer":"XXX","author":"XXX","synopsis":"Literate program filter","description":"XXX","category":"Development","build-type":"Simple","extra-source-files":["fs.h"],"executables":{"unlit":{"c-sources":["fs.c"],"default-language":["Haskell2010"],"includes":["fs.h"],"main-is":["unlit.c"]}}}