{"cabal-version":"2.0","name":"Win32","version":"2.14.0.0","license":"BSD3","license-file":["LICENSE"],"license-files":["LICENSE"],"copyright":"Alastair Reid, 1999-2003; shelarcy, 2012-2013; Tamar Christina, 2016-2020","maintainer":"Haskell Libraries <libraries@haskell.org>","author":"Alastair Reid, shelarcy, Tamar Christina","homepage":"https://github.com/haskell/win32","bug-reports":"https://github.com/haskell/win32/issues","synopsis":"A binding to Windows Win32 API.","description":"This library contains direct bindings to the Windows Win32 APIs for Haskell.","category":"System, Graphics","build-type":"Simple","extra-source-files":["include/diatemp.h","include/dumpBMP.h","include/ellipse.h","include/errors.h","include/Win32Aux.h","include/win32debug.h","include/alignment.h"],"extra-doc-files":["changelog.md"],"source-repositories":{"head":{"type":"git","location":"git://github.com/haskell/win32"}},"flags":{"os-string":{"description":"Use the new os-string package","default":false}},"components":{"lib":{"exposed-modules":["Graphics.Win32.GDI","Graphics.Win32.GDI.Bitmap","Graphics.Win32.GDI.Brush","Graphics.Win32.GDI.Clip","Graphics.Win32.GDI.Font","Graphics.Win32.GDI.Graphics2D","Graphics.Win32.GDI.HDC","Graphics.Win32.GDI.Palette","Graphics.Win32.GDI.Path","Graphics.Win32.GDI.Pen","Graphics.Win32.GDI.Region","Graphics.Win32.GDI.Types","Graphics.Win32","Graphics.Win32.Control","Graphics.Win32.Dialogue","Graphics.Win32.Icon","Graphics.Win32.Key","Graphics.Win32.Menu","Graphics.Win32.Message","Graphics.Win32.Misc","Graphics.Win32.Resource","Graphics.Win32.Window","Graphics.Win32.LayeredWindow","Graphics.Win32.GDI.AlphaBlend","Graphics.Win32.Window.AnimateWindow","Graphics.Win32.Window.HotKey","Graphics.Win32.Window.IMM","Graphics.Win32.Window.ForegroundWindow","Graphics.Win32.Window.PostMessage","Media.Win32","System.Win32","System.Win32.DebugApi","System.Win32.DLL","System.Win32.Event","System.Win32.File","System.Win32.FileMapping","System.Win32.NamedPipes","System.Win32.Info","System.Win32.Path","System.Win32.Mem","System.Win32.MinTTY","System.Win32.NLS","System.Win32.Process","System.Win32.Registry","System.Win32.SimpleMAPI","System.Win32.Time","System.Win32.Console","System.Win32.Security","System.Win32.Semaphore","System.Win32.Types","System.Win32.Shell","System.Win32.Automation","System.Win32.Automation.Input","System.Win32.Automation.Input.Key","System.Win32.Automation.Input.Mouse","System.Win32.Console.CtrlHandler","System.Win32.Console.HWND","System.Win32.Console.Title","System.Win32.Encoding","System.Win32.Exception.Unsupported","System.Win32.HardLink","System.Win32.Info.Computer","System.Win32.Info.Version","System.Win32.String","System.Win32.SymbolicLink","System.Win32.Thread","System.Win32.Utils","System.Win32.Word",{"_if":{"impl":"ghc","range":">=8.0"},"_then":["System.Win32.WindowsString.Console","System.Win32.WindowsString.Types","System.Win32.WindowsString.DebugApi","System.Win32.WindowsString.DLL","System.Win32.WindowsString.Shell","System.Win32.WindowsString.String","System.Win32.WindowsString.File","System.Win32.WindowsString.Time","System.Win32.WindowsString.Info","System.Win32.WindowsString.FileMapping","System.Win32.WindowsString.HardLink","System.Win32.WindowsString.Path","System.Win32.WindowsString.SymbolicLink","System.Win32.WindowsString.Utils"]}],"build-tool-depends":[{"package":"hsc2hs","version":">0 && <0.68.6 || >0.68.6","exe":"hsc2hs"}],"cc-options":["-fno-strict-aliasing","-Wall"],"c-sources":["cbits/HsGDI.c","cbits/HsWin32.c","cbits/WndProc.c","cbits/diatemp.c","cbits/dumpBMP.c","cbits/ellipse.c","cbits/errors.c","cbits/alphablend.c"],"other-modules":["System.Win32.Console.Internal","System.Win32.DebugApi.Internal","System.Win32.DLL.Internal","System.Win32.File.Internal","System.Win32.FileMapping.Internal","System.Win32.HardLink.Internal","System.Win32.Info.Internal","System.Win32.Path.Internal","System.Win32.Shell.Internal","System.Win32.SymbolicLink.Internal","System.Win32.Time.Internal"],"default-language":"Haskell2010","default-extensions":["ForeignFunctionInterface","CPP",{"_if":{"impl":"ghc","range":">=7.1"},"_then":["NondecreasingIndentation"]}],"extra-libraries":["user32","gdi32","winmm","advapi32","shell32","shfolder","shlwapi","msimg32","imm32"],"include-dirs":["include"],"includes":["alphablend.h","diatemp.h","dumpBMP.h","ellipse.h","errors.h","HsGDI.h","HsWin32.h","Win32Aux.h","win32debug.h","windows_cconv.h","WndProc.h","alignment.h"],"install-includes":["HsWin32.h","HsGDI.h","WndProc.h","windows_cconv.h","alphablend.h","wincon_compat.h","winternl_compat.h","winuser_compat.h","winreg_compat.h","tlhelp32_compat.h","winnls_compat.h","winnt_compat.h","namedpipeapi_compat.h"],"ghc-options":["-Wall","-fno-warn-name-shadowing","-Wall"],"build-depends":[{"package":"base","version":">=4.5 && <5","libs":["base"]},{"_if":{"not":{"os":"windows"}},"_then":[{"package":"unbuildable","version":"<0","libs":["unbuildable"]}]},{"_if":{"impl":"ghc","range":">=8.0"},"_then":[{"package":"filepath","version":">=1.5.0.0","libs":["filepath"]},{"package":"os-string","version":">=2.0.0","libs":["os-string"]}]}],"buildable":[{"_if":{"not":{"os":"windows"}},"_then":false}]}}}