{"cabal-version":">=1.10","name":"xhtml","version":"3000.2.2.1","license":"BSD3","license-file":"LICENSE","copyright":"Bjorn Bringert 2004-2006, Andy Gill and the Oregon\nGraduate Institute of Science and Technology, 1999-2001","maintainer":"Chris Dornan <chris@chrisdornan.com>","author":"Bjorn Bringert","stability":"Stable","homepage":"https://github.com/haskell/xhtml","bug-reports":"https://github.com/haskell/xhtml/issues","synopsis":"An XHTML combinator library","description":"This package provides combinators for producing\nXHTML 1.0, including the Strict, Transitional and\nFrameset variants.","category":"Web, XML, Pretty Printer","build-type":"Simple","extra-source-files":["ChangeLog.md"],"source-repos":[{"type":"git","location":"https://github.com/haskell/xhtml"}],"library":{"build-depends":[{"_if":{"not":{"impl":"ghc","range":">=8.0"}},"_then":{"package":"semigroups","version":">=0.8 && <0.19","libs":["semigroups"]}},{"package":"base","version":">=4 && <5","libs":["base"]}],"default-extensions":[{"_if":{"impl":"ghc","range":">=7.2"},"_then":"Safe"}],"default-language":["Haskell2010"],"exposed-modules":["Text.XHtml","Text.XHtml.Frameset","Text.XHtml.Strict","Text.XHtml.Transitional","Text.XHtml.Debug","Text.XHtml.Table"],"ghc-options":[{"_if":{"impl":"ghc","range":">=8.0"},"_then":"-Wcompat"},{"_if":{"impl":"ghc","range":">=8.0"},"_then":"-Wnoncanonical-monadfail-instances"},{"_if":{"impl":"ghc","range":">=8.0"},"_then":"-Wnoncanonical-monad-instances"},"-Wall","-fwarn-tabs"],"other-modules":["Text.XHtml.Strict.Attributes","Text.XHtml.Strict.Elements","Text.XHtml.Frameset.Attributes","Text.XHtml.Frameset.Elements","Text.XHtml.Transitional.Attributes","Text.XHtml.Transitional.Elements","Text.XHtml.BlockTable","Text.XHtml.Extras","Text.XHtml.Internals"]}}